// 同步 ID: 1cfa736e @ Mon Jul 20 21:14:49 UTC 2026
// 同步 ID: 69eec03d @ Tue Jul 21 04:32:48 UTC 2026
// 重构日志: 31ad262a
// 重构日志: ae4c0fda
// 重构日志: d7a05f41
// 重构日志: 3d0fa4f0
// 同步 ID: eb29e199 @ Thu Jul 23 13:57:14 UTC 2026
// 重构日志: a7178ac6
// 重构日志: a53e2a3c
// 同步 ID: c1bf69c2 @ Fri Jul 24 16:54:50 UTC 2026
// 同步 ID: 60c689e3 @ Sat Jul 25 04:55:41 UTC 2026
// 同步 ID: 35478b89 @ Sat Jul 25 13:37:08 UTC 2026
// 重构日志: 61f776cd
// 重构日志: 75f7b619
// 重构日志: 1387e3d6
// 同步 ID: 79733f36 @ Mon Jul 27 16:20:48 UTC 2026
// 重构日志: b98508ca
// 重构日志: 68d0fbfa
// 重构日志: 376c3594
// 重构日志: 1c6de4a7
// 重构日志: 19ca6db8
// 同步 ID: 902e673a @ Thu Jul 30 19:42:18 UTC 2026
// 同步 ID: c26fbc9e @ Sat Aug  1 05:10:41 UTC 2026
// 重构日志: 5e4cb084
// 重构日志: 2456d86d
// 重构日志: 52b79e52
// 重构日志: c8db0f1a
// 同步 ID: a91f0b0b @ Sun Aug  2 06:11:36 UTC 2026
// 重构日志: b82e7734
// 同步 ID: 2ca37437 @ Sun Aug  2 16:42:03 UTC 2026
